// Jest Snapshot v1, https://goo.gl/fbAQLP

exports[`modules/twinkle Twinkle.defaultConfig global variables Should match snapshot 1`] = `
[
  "db",
  "g1",
  "g2",
  "g3",
  "g4",
  "g6",
  "g10",
  "g11",
  "g12",
  "g13",
  "g14",
  "a1",
  "a2",
  "a3",
  "a7",
  "a9",
  "a10",
  "a11",
  "c1",
  "f1",
  "f2",
  "f3",
  "f7",
  "f9",
  "r3",
  "u5",
]
`;

exports[`modules/twinkle Twinkle.defaultConfig global variables Should match snapshot 2`] = `
[
  "db",
  "g1",
  "g2",
  "g3",
  "g4",
  "g6",
  "g10",
  "g11",
  "g12",
  "g13",
  "g14",
  "a1",
  "a2",
  "a3",
  "a7",
  "a9",
  "a10",
  "a11",
  "c1",
  "f1",
  "f2",
  "f3",
  "f7",
  "f9",
  "r3",
  "u5",
]
`;

exports[`modules/twinkle Twinkle.defaultConfig global variables Should match snapshot 3`] = `
[
  "db",
  "g1",
  "g2",
  "g3",
  "g4",
  "g6",
  "g10",
  "g11",
  "g12",
  "g13",
  "g14",
  "a1",
  "a2",
  "a3",
  "a7",
  "a9",
  "a10",
  "a11",
  "c1",
  "f1",
  "f2",
  "f3",
  "f7",
  "f9",
  "r3",
  "u5",
]
`;
